14:25:59 **** Incremental Build of configuration Debug for project GPIO ****
make -j16 all 
arm-none-eabi-gcc -mcpu=cortex-m4 -g3 -DDEBUG -c -x assembler-with-cpp -MMD -MP -MF"Startup/startup_stm32f401retx.d" -MT"Startup/startup_stm32f401retx.o" --specs=nano.specs -mfpu=fpv4-sp-d16 -mfloat-abi=hard -mthumb -o "Startup/startup_stm32f401retx.o" "../Startup/startup_stm32f401retx.s"
arm-none-eabi-gcc "../Src/Bt3.c" -mcpu=cortex-m4 -std=gnu11 -g3 -DDEBUG -DNUCLEO_F401RE -DSTM32 -DSTM32F401RETx -DSTM32F4 -c -I"G:/THCS C/TAI LIEU/SDK_1.0.3_NUCLEO-F401RE/shared/Middle/button" -I"G:/THCS C/TAI LIEU/SDK_1.0.3_NUCLEO-F401RE/shared/Drivers/STM32F401RE_StdPeriph_Driver/inc" -I"G:/THCS C/TAI LIEU/SDK_1.0.3_NUCLEO-F401RE/shared/Middle/buzzer" -I"G:/THCS C/TAI LIEU/SDK_1.0.3_NUCLEO-F401RE/shared/Middle/led" -I"G:/THCS C/TAI LIEU/SDK_1.0.3_NUCLEO-F401RE/shared/Middle/rtos" -I"G:/THCS C/TAI LIEU/SDK_1.0.3_NUCLEO-F401RE/shared/Middle/sensor" -I"G:/THCS C/TAI LIEU/SDK_1.0.3_NUCLEO-F401RE/shared/Middle/serial" -I"G:/THCS C/TAI LIEU/SDK_1.0.3_NUCLEO-F401RE/shared/Middle/ucglib" -I"G:/THCS C/TAI LIEU/SDK_1.0.3_NUCLEO-F401RE/shared/Utilities" -I"G:/THCS C/TAI LIEU/SDK_1.0.3_NUCLEO-F401RE/shared/Drivers/CMSIS/Include" -O0 -ffunction-sections -fdata-sections -Wall -fstack-usage -MMD -MP -MF"Src/Bt3.d" -MT"Src/Bt3.o" --specs=nano.specs -mfpu=fpv4-sp-d16 -mfloat-abi=hard -mthumb -o "Src/Bt3.o"
arm-none-eabi-gcc "../Src/syscalls.c" -mcpu=cortex-m4 -std=gnu11 -g3 -DDEBUG -DNUCLEO_F401RE -DSTM32 -DSTM32F401RETx -DSTM32F4 -c -I"G:/THCS C/TAI LIEU/SDK_1.0.3_NUCLEO-F401RE/shared/Middle/button" -I"G:/THCS C/TAI LIEU/SDK_1.0.3_NUCLEO-F401RE/shared/Drivers/STM32F401RE_StdPeriph_Driver/inc" -I"G:/THCS C/TAI LIEU/SDK_1.0.3_NUCLEO-F401RE/shared/Middle/buzzer" -I"G:/THCS C/TAI LIEU/SDK_1.0.3_NUCLEO-F401RE/shared/Middle/led" -I"G:/THCS C/TAI LIEU/SDK_1.0.3_NUCLEO-F401RE/shared/Middle/rtos" -I"G:/THCS C/TAI LIEU/SDK_1.0.3_NUCLEO-F401RE/shared/Middle/sensor" -I"G:/THCS C/TAI LIEU/SDK_1.0.3_NUCLEO-F401RE/shared/Middle/serial" -I"G:/THCS C/TAI LIEU/SDK_1.0.3_NUCLEO-F401RE/shared/Middle/ucglib" -I"G:/THCS C/TAI LIEU/SDK_1.0.3_NUCLEO-F401RE/shared/Utilities" -I"G:/THCS C/TAI LIEU/SDK_1.0.3_NUCLEO-F401RE/shared/Drivers/CMSIS/Include" -O0 -ffunction-sections -fdata-sections -Wall -fstack-usage -MMD -MP -MF"Src/syscalls.d" -MT"Src/syscalls.o" --specs=nano.specs -mfpu=fpv4-sp-d16 -mfloat-abi=hard -mthumb -o "Src/syscalls.o"
arm-none-eabi-gcc "../Src/sysmem.c" -mcpu=cortex-m4 -std=gnu11 -g3 -DDEBUG -DNUCLEO_F401RE -DSTM32 -DSTM32F401RETx -DSTM32F4 -c -I"G:/THCS C/TAI LIEU/SDK_1.0.3_NUCLEO-F401RE/shared/Middle/button" -I"G:/THCS C/TAI LIEU/SDK_1.0.3_NUCLEO-F401RE/shared/Drivers/STM32F401RE_StdPeriph_Driver/inc" -I"G:/THCS C/TAI LIEU/SDK_1.0.3_NUCLEO-F401RE/shared/Middle/buzzer" -I"G:/THCS C/TAI LIEU/SDK_1.0.3_NUCLEO-F401RE/shared/Middle/led" -I"G:/THCS C/TAI LIEU/SDK_1.0.3_NUCLEO-F401RE/shared/Middle/rtos" -I"G:/THCS C/TAI LIEU/SDK_1.0.3_NUCLEO-F401RE/shared/Middle/sensor" -I"G:/THCS C/TAI LIEU/SDK_1.0.3_NUCLEO-F401RE/shared/Middle/serial" -I"G:/THCS C/TAI LIEU/SDK_1.0.3_NUCLEO-F401RE/shared/Middle/ucglib" -I"G:/THCS C/TAI LIEU/SDK_1.0.3_NUCLEO-F401RE/shared/Utilities" -I"G:/THCS C/TAI LIEU/SDK_1.0.3_NUCLEO-F401RE/shared/Drivers/CMSIS/Include" -O0 -ffunction-sections -fdata-sections -Wall -fstack-usage -MMD -MP -MF"Src/sysmem.d" -MT"Src/sysmem.o" --specs=nano.specs -mfpu=fpv4-sp-d16 -mfloat-abi=hard -mthumb -o "Src/sysmem.o"
arm-none-eabi-gcc "G:/THCS C/TAI LIEU/SDK_1.0.3_NUCLEO-F401RE/shared/Utilities/buff.c" -mcpu=cortex-m4 -std=gnu11 -g3 -DDEBUG -DNUCLEO_F401RE -DSTM32 -DSTM32F401RETx -DSTM32F4 -c -I"G:/THCS C/TAI LIEU/SDK_1.0.3_NUCLEO-F401RE/shared/Middle/button" -I"G:/THCS C/TAI LIEU/SDK_1.0.3_NUCLEO-F401RE/shared/Drivers/STM32F401RE_StdPeriph_Driver/inc" -I"G:/THCS C/TAI LIEU/SDK_1.0.3_NUCLEO-F401RE/shared/Middle/buzzer" -I"G:/THCS C/TAI LIEU/SDK_1.0.3_NUCLEO-F401RE/shared/Middle/led" -I"G:/THCS C/TAI LIEU/SDK_1.0.3_NUCLEO-F401RE/shared/Middle/rtos" -I"G:/THCS C/TAI LIEU/SDK_1.0.3_NUCLEO-F401RE/shared/Middle/sensor" -I"G:/THCS C/TAI LIEU/SDK_1.0.3_NUCLEO-F401RE/shared/Middle/serial" -I"G:/THCS C/TAI LIEU/SDK_1.0.3_NUCLEO-F401RE/shared/Middle/ucglib" -I"G:/THCS C/TAI LIEU/SDK_1.0.3_NUCLEO-F401RE/shared/Utilities" -I"G:/THCS C/TAI LIEU/SDK_1.0.3_NUCLEO-F401RE/shared/Drivers/CMSIS/Include" -O0 -ffunction-sections -fdata-sections -Wall -fstack-usage -MMD -MP -MF"SDK_1.0.3_NUCLEO-F401RE/shared/Utilities/buff.d" -MT"SDK_1.0.3_NUCLEO-F401RE/shared/Utilities/buff.o" --specs=nano.specs -mfpu=fpv4-sp-d16 -mfloat-abi=hard -mthumb -o "SDK_1.0.3_NUCLEO-F401RE/shared/Utilities/buff.o"
arm-none-eabi-gcc "G:/THCS C/TAI LIEU/SDK_1.0.3_NUCLEO-F401RE/shared/Utilities/utilities.c" -mcpu=cortex-m4 -std=gnu11 -g3 -DDEBUG -DNUCLEO_F401RE -DSTM32 -DSTM32F401RETx -DSTM32F4 -c -I"G:/THCS C/TAI LIEU/SDK_1.0.3_NUCLEO-F401RE/shared/Middle/button" -I"G:/THCS C/TAI LIEU/SDK_1.0.3_NUCLEO-F401RE/shared/Drivers/STM32F401RE_StdPeriph_Driver/inc" -I"G:/THCS C/TAI LIEU/SDK_1.0.3_NUCLEO-F401RE/shared/Middle/buzzer" -I"G:/THCS C/TAI LIEU/SDK_1.0.3_NUCLEO-F401RE/shared/Middle/led" -I"G:/THCS C/TAI LIEU/SDK_1.0.3_NUCLEO-F401RE/shared/Middle/rtos" -I"G:/THCS C/TAI LIEU/SDK_1.0.3_NUCLEO-F401RE/shared/Middle/sensor" -I"G:/THCS C/TAI LIEU/SDK_1.0.3_NUCLEO-F401RE/shared/Middle/serial" -I"G:/THCS C/TAI LIEU/SDK_1.0.3_NUCLEO-F401RE/shared/Middle/ucglib" -I"G:/THCS C/TAI LIEU/SDK_1.0.3_NUCLEO-F401RE/shared/Utilities" -I"G:/THCS C/TAI LIEU/SDK_1.0.3_NUCLEO-F401RE/shared/Drivers/CMSIS/Include" -O0 -ffunction-sections -fdata-sections -Wall -fstack-usage -MMD -MP -MF"SDK_1.0.3_NUCLEO-F401RE/shared/Utilities/utilities.d" -MT"SDK_1.0.3_NUCLEO-F401RE/shared/Utilities/utilities.o" --specs=nano.specs -mfpu=fpv4-sp-d16 -mfloat-abi=hard -mthumb -o "SDK_1.0.3_NUCLEO-F401RE/shared/Utilities/utilities.o"
arm-none-eabi-gcc "G:/THCS C/TAI LIEU/SDK_1.0.3_NUCLEO-F401RE/shared/Drivers/STM32F401RE_StdPeriph_Driver/src/stm32f401re_rcc.c" -mcpu=cortex-m4 -std=gnu11 -g3 -DDEBUG -DNUCLEO_F401RE -DSTM32 -DSTM32F401RETx -DSTM32F4 -c -I"G:/THCS C/TAI LIEU/SDK_1.0.3_NUCLEO-F401RE/shared/Middle/button" -I"G:/THCS C/TAI LIEU/SDK_1.0.3_NUCLEO-F401RE/shared/Drivers/STM32F401RE_StdPeriph_Driver/inc" -I"G:/THCS C/TAI LIEU/SDK_1.0.3_NUCLEO-F401RE/shared/Middle/buzzer" -I"G:/THCS C/TAI LIEU/SDK_1.0.3_NUCLEO-F401RE/shared/Middle/led" -I"G:/THCS C/TAI LIEU/SDK_1.0.3_NUCLEO-F401RE/shared/Middle/rtos" -I"G:/THCS C/TAI LIEU/SDK_1.0.3_NUCLEO-F401RE/shared/Middle/sensor" -I"G:/THCS C/TAI LIEU/SDK_1.0.3_NUCLEO-F401RE/shared/Middle/serial" -I"G:/THCS C/TAI LIEU/SDK_1.0.3_NUCLEO-F401RE/shared/Middle/ucglib" -I"G:/THCS C/TAI LIEU/SDK_1.0.3_NUCLEO-F401RE/shared/Utilities" -I"G:/THCS C/TAI LIEU/SDK_1.0.3_NUCLEO-F401RE/shared/Drivers/CMSIS/Include" -O0 -ffunction-sections -fdata-sections -Wall -fstack-usage -MMD -MP -MF"SDK_1.0.3_NUCLEO-F401RE/shared/Drivers/STM32F401RE_StdPeriph_Driver/src/stm32f401re_rcc.d" -MT"SDK_1.0.3_NUCLEO-F401RE/shared/Drivers/STM32F401RE_StdPeriph_Driver/src/stm32f401re_rcc.o" --specs=nano.specs -mfpu=fpv4-sp-d16 -mfloat-abi=hard -mthumb -o "SDK_1.0.3_NUCLEO-F401RE/shared/Drivers/STM32F401RE_StdPeriph_Driver/src/stm32f401re_rcc.o"
arm-none-eabi-gcc "G:/THCS C/TAI LIEU/SDK_1.0.3_NUCLEO-F401RE/shared/Drivers/CMSIS/Source/system_stm32f4xx.c" -mcpu=cortex-m4 -std=gnu11 -g3 -DDEBUG -DNUCLEO_F401RE -DSTM32 -DSTM32F401RETx -DSTM32F4 -c -I"G:/THCS C/TAI LIEU/SDK_1.0.3_NUCLEO-F401RE/shared/Middle/button" -I"G:/THCS C/TAI LIEU/SDK_1.0.3_NUCLEO-F401RE/shared/Drivers/STM32F401RE_StdPeriph_Driver/inc" -I"G:/THCS C/TAI LIEU/SDK_1.0.3_NUCLEO-F401RE/shared/Middle/buzzer" -I"G:/THCS C/TAI LIEU/SDK_1.0.3_NUCLEO-F401RE/shared/Middle/led" -I"G:/THCS C/TAI LIEU/SDK_1.0.3_NUCLEO-F401RE/shared/Middle/rtos" -I"G:/THCS C/TAI LIEU/SDK_1.0.3_NUCLEO-F401RE/shared/Middle/sensor" -I"G:/THCS C/TAI LIEU/SDK_1.0.3_NUCLEO-F401RE/shared/Middle/serial" -I"G:/THCS C/TAI LIEU/SDK_1.0.3_NUCLEO-F401RE/shared/Middle/ucglib" -I"G:/THCS C/TAI LIEU/SDK_1.0.3_NUCLEO-F401RE/shared/Utilities" -I"G:/THCS C/TAI LIEU/SDK_1.0.3_NUCLEO-F401RE/shared/Drivers/CMSIS/Include" -O0 -ffunction-sections -fdata-sections -Wall -fstack-usage -MMD -MP -MF"SDK_1.0.3_NUCLEO-F401RE/shared/Drivers/CMSIS/Source/system_stm32f4xx.d" -MT"SDK_1.0.3_NUCLEO-F401RE/shared/Drivers/CMSIS/Source/system_stm32f4xx.o" --specs=nano.specs -mfpu=fpv4-sp-d16 -mfloat-abi=hard -mthumb -o "SDK_1.0.3_NUCLEO-F401RE/shared/Drivers/CMSIS/Source/system_stm32f4xx.o"
arm-none-eabi-gcc -o "GPIO.elf" @"objects.list"  -lLibraries -mcpu=cortex-m4 -T"G:\STM32\TTCS-DAY4\GPIO\GPIO\STM32F401RETX_FLASH.ld" --specs=nosys.specs -Wl,-Map="GPIO.map" -Wl,--gc-sections -static -L"G:\THCS C\TAI LIEU\SDK_1.0.3_NUCLEO-F401RE\lib_stm" --specs=nano.specs -mfpu=fpv4-sp-d16 -mfloat-abi=hard -mthumb -Wl,--start-group -lc -lm -Wl,--end-group
Finished building target: GPIO.elf
 
arm-none-eabi-size   GPIO.elf 
arm-none-eabi-objdump -h -S  GPIO.elf  > "GPIO.list"
   text	   data	    bss	    dec	    hex	filename
   1624	      8	   1568	   3200	    c80	GPIO.elf
arm-none-eabi-objcopy  -O binary  GPIO.elf  "GPIO.bin"
Finished building: default.size.stdout
 
Finished building: GPIO.list
Finished building: GPIO.bin
 
 

14:26:02 Build Finished. 0 errors, 0 warnings. (took 2s.909ms)

