13:58:33 **** Incremental Build of configuration Debug for project CLOCK ****
make -j16 all 
arm-none-eabi-gcc "../Inc/Bt2.c" -mcpu=cortex-m4 -std=gnu11 -g3 -DDEBUG -DNUCLEO_F401RE -DSTM32 -DSTM32F401RETx -DSTM32F4 -c -I"G:/THCS C/TAI LIEU/SDK_1.0.3_NUCLEO-F401RE/shared/Drivers/CMSIS/Include" -I"G:/THCS C/TAI LIEU/SDK_1.0.3_NUCLEO-F401RE/shared/Middle/button" -I"G:/THCS C/TAI LIEU/SDK_1.0.3_NUCLEO-F401RE/shared/Middle/buzzer" -I"G:/THCS C/TAI LIEU/SDK_1.0.3_NUCLEO-F401RE/shared/Middle/led" -I"G:/THCS C/TAI LIEU/SDK_1.0.3_NUCLEO-F401RE/shared/Middle/rtos" -I"G:/THCS C/TAI LIEU/SDK_1.0.3_NUCLEO-F401RE/shared/Middle/sensor" -I"G:/THCS C/TAI LIEU/SDK_1.0.3_NUCLEO-F401RE/shared/Middle/serial" -I"G:/THCS C/TAI LIEU/SDK_1.0.3_NUCLEO-F401RE/shared/Middle/ucglib" -I"G:/THCS C/TAI LIEU/SDK_1.0.3_NUCLEO-F401RE/shared/Utilities" -I"G:/THCS C/TAI LIEU/SDK_1.0.3_NUCLEO-F401RE/shared/Drivers/STM32F401RE_StdPeriph_Driver/inc" -O0 -ffunction-sections -fdata-sections -Wall -fstack-usage -MMD -MP -MF"Inc/Bt2.d" -MT"Inc/Bt2.o" --specs=nano.specs -mfpu=fpv4-sp-d16 -mfloat-abi=hard -mthumb -o "Inc/Bt2.o"
arm-none-eabi-gcc -o "CLOCK.elf" @"objects.list"  -llibraries -mcpu=cortex-m4 -T"G:\STM32\TTCS-DAY4\CLOCK\STM32F401RETX_FLASH.ld" --specs=nosys.specs -Wl,-Map="CLOCK.map" -Wl,--gc-sections -static -L"G:\THCS C\TAI LIEU\SDK_1.0.3_NUCLEO-F401RE\lib_stm" --specs=nano.specs -mfpu=fpv4-sp-d16 -mfloat-abi=hard -mthumb -Wl,--start-group -lc -lm -Wl,--end-group
g:\stm32\stm32cubeide_1.7.0\stm32cubeide\plugins\com.st.stm32cube.ide.mcu.externaltools.gnu-tools-for-stm32.9-2020-q2-update.win32_2.0.0.202105311346\tools\arm-none-eabi\bin\ld.exe: warning: cannot find entry symbol Reset_Handler; defaulting to 0000000008000000
Finished building target: CLOCK.elf
 
arm-none-eabi-size   CLOCK.elf 
arm-none-eabi-objdump -h -S  CLOCK.elf  > "CLOCK.list"
   text	   data	    bss	    dec	    hex	filename
     88	      8	   1568	   1664	    680	CLOCK.elf
arm-none-eabi-objcopy  -O binary  CLOCK.elf  "CLOCK.bin"
Finished building: default.size.stdout
 
Finished building: CLOCK.list
 
Finished building: CLOCK.bin
 

13:58:35 Build Finished. 0 errors, 1 warnings. (took 1s.679ms)

